
Windows IP Configuration

   Host Name . . . . . . . . . . . . : DESKTOP-64LA2VE
   Primary Dns Suffix  . . . . . . . : 
   Node Type . . . . . . . . . . . . : Hybrid
   IP Routing Enabled. . . . . . . . : No
   WINS Proxy Enabled. . . . . . . . : No
   DNS Suffix Search List. . . . . . : cyber.local

Unknown adapter Tailscale:

   Connection-specific DNS Suffix  . : 
   Description . . . . . . . . . . . : Tailscale Tunnel
   Physical Address. . . . . . . . . : 
   DHCP Enabled. . . . . . . . . . . : No
   Autoconfiguration Enabled . . . . : Yes
   IPv4 Address. . . . . . . . . . . : 100.96.197.13(Preferred) 
   Subnet Mask . . . . . . . . . . . : 255.255.255.255
   Default Gateway . . . . . . . . . : 
   NetBIOS over Tcpip. . . . . . . . : Enabled

Ethernet adapter Ethernet:

   Connection-specific DNS Suffix  . : cyber.local
   Description . . . . . . . . . . . : Intel(R) PRO/1000 MT Network Connection
   Physical Address. . . . . . . . . : BC-24-11-B0-C6-1C
   DHCP Enabled. . . . . . . . . . . : Yes
   Autoconfiguration Enabled . . . . : Yes
   IPv4 Address. . . . . . . . . . . : 10.0.17.33(Preferred) 
   Subnet Mask . . . . . . . . . . . : 255.255.255.0
   Lease Obtained. . . . . . . . . . : Friday, September 4, 2026 7:52:18 PM
   Lease Expires . . . . . . . . . . : Tuesday, September 22, 2026 7:52:29 AM
   Default Gateway . . . . . . . . . : 10.0.17.2
   DHCP Server . . . . . . . . . . . : 10.0.17.2
   DNS Servers . . . . . . . . . . . : 10.0.17.2
   NetBIOS over Tcpip. . . . . . . . : Enabled
   Connection-specific DNS Suffix Search List :
                                       cyber.local
