These Windows services are started:

   Application Information
   Application Management
   AVCTP service
   Background Intelligent Transfer Service
   Background Tasks Infrastructure Service
   BalloonService
   Base Filtering Engine
   Certificate Propagation
   Clipboard User Service_1ec3e53
   CNG Key Isolation
   COM+ Event System
   Connected Devices Platform Service
   Connected Devices Platform User Service_1ec3e53
   Connected User Experiences and Telemetry
   CoreMessaging
   Credential Manager
   Cryptographic Services
   DCOM Server Process Launcher
   DHCP Client
   DNS Client
   Group Policy Client
   IP Helper
   Local Session Manager
   Microsoft Defender Antivirus Network Inspection Service
   Microsoft Defender Antivirus Service
   Microsoft Defender Core Service
   Network Connection Broker
   Network List Service
   Network Location Awareness
   Network Store Interface Service
   Plug and Play
   Power
   Print Spooler
   Program Compatibility Assistant Service
   QEMU Guest Agent
   Quality Windows Audio Video Experience
   Remote Desktop Configuration
   Remote Desktop Services
   Remote Desktop Services UserMode Port Redirector
   Remote Procedure Call (RPC)
   RPC Endpoint Mapper
   Security Accounts Manager
   Security Center
   Server
   Shell Hardware Detection
   Smart Card Device Enumeration Service
   SSDP Discovery
   State Repository Service
   Storage Service
   Sync Host_1ec3e53
   SysMain
   System Event Notification Service
   System Events Broker
   System Guard Runtime Monitor Broker
   Tailscale
   Task Scheduler
   TCP/IP NetBIOS Helper
   Themes
   Time Broker
   Touch Keyboard and Handwriting Panel Service
   Update Orchestrator Service
   User Manager
   User Profile Service
   VMware Alias Manager and Ticket Service
   Web Account Manager
   Windows Audio
   Windows Audio Endpoint Builder
   Windows Connection Manager
   Windows Defender Firewall
   Windows Event Log
   Windows Font Cache Service
   Windows Installer
   Windows License Manager Service
   Windows Management Instrumentation
   Windows Push Notifications System Service
   Windows Push Notifications User Service_1ec3e53
   Windows Security Service
   WinHTTP Web Proxy Auto-Discovery Service
   Workstation

The command completed successfully.

